#
# There is insufficient memory for the Java Runtime Environment to continue.
# Native memory allocation (mmap) failed to map 260046848 bytes. Error detail: G1 virtual space
# Possible reasons:
#   The system is out of physical RAM or swap space
#   This process is running with CompressedOops enabled, and the Java Heap may be blocking the growth of the native heap
# Possible solutions:
#   Reduce memory load on the system
#   Increase physical memory or swap space
#   Check if swap backing store is full
#   Decrease Java heap size (-Xmx/-Xms)
#   Decrease number of Java threads
#   Decrease Java thread stack sizes (-Xss)
#   Set larger code cache with -XX:ReservedCodeCacheSize=
#   JVM is running with Zero Based Compressed Oops mode in which the Java heap is
#     placed in the first 32GB address space. The Java Heap base address is the
#     maximum limit for the native heap growth. Please use -XX:HeapBaseMinAddress
#     to set the Java Heap base and to place the Java Heap above 32GB virtual address.
# This output file may be truncated or incomplete.
#
#  Out of Memory Error (os_windows.cpp:3828), pid=7080, tid=10804
#
# JRE version:  (21.0.4+13) (build )
# Java VM: OpenJDK 64-Bit Server VM (21.0.4+13-b509.26, mixed mode, sharing, tiered, compressed oops, compressed class ptrs, g1 gc, windows-amd64)
# No core dump will be written. Minidumps are not enabled by default on client versions of Windows
#

---------------  S U M M A R Y ------------

Command Line: git4idea.http.GitAskPassApp Username for 'https://github.com': 

Host: AMD Ryzen 7 5800H with Radeon Graphics         , 16 cores, 15G,  Windows 11 , 64 bit Build 27881 (10.0.27881.1000)
Time: Fri Sep 26 21:14:30 2025 SE Asia Standard Time elapsed time: 2.398090 seconds (0d 0h 0m 2s)

---------------  T H R E A D  ---------------

Current thread (0x000000e5f8e3f930):  JavaThread "Unknown thread" [_thread_in_vm, id=10804, stack(0x000000e5f8cb0000,0x000000e5f8db0000) (1024K)]

Stack: [0x000000e5f8cb0000,0x000000e5f8db0000]
Native frames: (J=compiled Java code, j=interpreted, Vv=VM code, C=native code)
V  [jvm.dll+0x6e3739]
V  [jvm.dll+0x8c0c33]
V  [jvm.dll+0x8c318e]
V  [jvm.dll+0x8c3873]
V  [jvm.dll+0x288256]
V  [jvm.dll+0x6dfec5]
V  [jvm.dll+0x6d439a]
V  [jvm.dll+0x36211b]
V  [jvm.dll+0x369cc6]
V  [jvm.dll+0x3bbdf6]
V  [jvm.dll+0x3bc0c8]
V  [jvm.dll+0x3348dc]
V  [jvm.dll+0x3355cb]
V  [jvm.dll+0x888099]
V  [jvm.dll+0x3c8f28]
V  [jvm.dll+0x871238]
V  [jvm.dll+0x45d8de]
V  [jvm.dll+0x45f5c1]
C  [jli.dll+0x52ab]
C  [ucrtbase.dll+0x8ccf0]
C  [KERNEL32.DLL+0x35f37]
C  [ntdll.dll+0x4f40]


---------------  P R O C E S S  ---------------

Threads class SMR info:
_java_thread_list=0x00007ffd6d0b2108, length=0, elements={
}

Java Threads: ( => current thread )
Total: 0

Other Threads:
  0x000000e5f8e9d100 WorkerThread "GC Thread#0"                     [id=3172, stack(0x000000e5fdeb0000,0x000000e5fdfb0000) (1024K)]
  0x000000e5f8eae5a0 ConcurrentGCThread "G1 Main Marker"            [id=12372, stack(0x000000e5fdfb0000,0x000000e5fe0b0000) (1024K)]
  0x000000e5f8eb1750 WorkerThread "G1 Conc#0"                       [id=2136, stack(0x000000e5fe0b0000,0x000000e5fe1b0000) (1024K)]

[error occurred during error reporting (printing all threads), id 0xc0000005, EXCEPTION_ACCESS_VIOLATION (0xc0000005) at pc=0x00007ffd6c7a7997]
VM state: not at safepoint (not fully initialized)

VM Mutex/Monitor currently owned by a thread:  ([mutex/lock_event])
[0x00007ffd6d126a48] Heap_lock - owner thread: 0x000000e5f8e3f930

Heap address: 0x0000000709c00000, size: 3940 MB, Compressed Oops mode: Zero based, Oop shift amount: 3

CDS archive(s) mapped at: [0x0000000000000000-0x0000000000000000-0x0000000000000000), size 0, SharedBaseAddress: 0x0000000800000000, ArchiveRelocationMode: 1.
Narrow klass base: 0x0000000000000000, Narrow klass shift: 0, Narrow klass range: 0x0

GC Precious Log:
 CardTable entry size: 512
 Card Set container configuration: InlinePtr #cards 4 size 8 Array Of Cards #cards 16 size 48 Howl #buckets 8 coarsen threshold 3686 Howl Bitmap #cards 512 size 80 coarsen threshold 460 Card regions per heap region 1 cards per card region 4096

Heap:
 garbage-first heap   total 0K, used 0K [0x0000000709c00000, 0x0000000800000000)
  region size 2048K, 0 young (0K), 0 survivors (0K)
 Metaspace       used 0K, committed 0K, reserved 0K
  class space    used 0K, committed 0K, reserved 0K

Heap Regions: E=young(eden), S=young(survivor), O=old, HS=humongous(starts), HC=humongous(continues), CS=collection set, F=free, TAMS=top-at-mark-start, PB=parsable bottom

Card table byte_map: [0x000000e5f98a0000,0x000000e5fa060000] _byte_map_base: 0x000000e5f6052000

Marking Bits: (CMBitMap*) 0x000000e5f8e9d800
 Bits: [0x000000e5fa060000, 0x000000e5fddf0000)

GC Heap History (0 events):
No events

Dll operation events (1 events):
Event: 0.012 Loaded shared library C:\Program Files\JetBrains\IntelliJ IDEA 2024.2.4\jbr\bin\java.dll

Deoptimization events (0 events):
No events

Classes loaded (0 events):
No events

Classes unloaded (0 events):
No events

Classes redefined (0 events):
No events

Internal exceptions (0 events):
No events

ZGC Phase Switch (0 events):
No events

VM Operations (0 events):
No events

Memory protections (0 events):
No events

Nmethod flushes (0 events):
No events

Events (0 events):
No events


Dynamic libraries:
0x00007ff772280000 - 0x00007ff77228a000 	C:\Program Files\JetBrains\IntelliJ IDEA 2024.2.4\jbr\bin\java.exe
0x00007ffe01c80000 - 0x00007ffe01ee3000 	C:\WINDOWS\SYSTEM32\ntdll.dll
0x00007ffe01670000 - 0x00007ffe01739000 	C:\WINDOWS\System32\KERNEL32.DLL
0x00007ffdfec70000 - 0x00007ffdff05b000 	C:\WINDOWS\System32\KERNELBASE.dll
0x00007ffdff7a0000 - 0x00007ffdff8ee000 	C:\WINDOWS\System32\ucrtbase.dll
0x00007ffdcd120000 - 0x00007ffdcd13b000 	C:\Program Files\JetBrains\IntelliJ IDEA 2024.2.4\jbr\bin\VCRUNTIME140.dll
0x00007ffdea570000 - 0x00007ffdea588000 	C:\Program Files\JetBrains\IntelliJ IDEA 2024.2.4\jbr\bin\jli.dll
0x00007ffe002f0000 - 0x00007ffe004bc000 	C:\WINDOWS\System32\USER32.dll
0x00007ffde8010000 - 0x00007ffde82ab000 	C:\WINDOWS\WinSxS\amd64_microsoft.windows.common-controls_6595b64144ccf1df_6.0.27881.1000_none_12eb9eca89b416ef\COMCTL32.dll
0x00007ffdff150000 - 0x00007ffdff177000 	C:\WINDOWS\System32\win32u.dll
0x00007ffe00800000 - 0x00007ffe008a9000 	C:\WINDOWS\System32\msvcrt.dll
0x00007ffe01630000 - 0x00007ffe01663000 	C:\WINDOWS\System32\GDI32.dll
0x00007ffdff660000 - 0x00007ffdff791000 	C:\WINDOWS\System32\gdi32full.dll
0x00007ffdff3b0000 - 0x00007ffdff454000 	C:\WINDOWS\System32\msvcp_win.dll
0x00007ffe012c0000 - 0x00007ffe01366000 	C:\WINDOWS\System32\sechost.dll
0x00007ffdffa90000 - 0x00007ffdffac1000 	C:\WINDOWS\System32\IMM32.DLL
0x00007ffdd25d0000 - 0x00007ffdd25dc000 	C:\Program Files\JetBrains\IntelliJ IDEA 2024.2.4\jbr\bin\vcruntime140_1.dll
0x00007ffde17b0000 - 0x00007ffde183d000 	C:\Program Files\JetBrains\IntelliJ IDEA 2024.2.4\jbr\bin\msvcp140.dll
0x00007ffd6c460000 - 0x00007ffd6d217000 	C:\Program Files\JetBrains\IntelliJ IDEA 2024.2.4\jbr\bin\server\jvm.dll
0x00007ffe008c0000 - 0x00007ffe00972000 	C:\WINDOWS\System32\ADVAPI32.dll
0x00007ffdff970000 - 0x00007ffdffa82000 	C:\WINDOWS\System32\RPCRT4.dll
0x00007ffe00000000 - 0x00007ffe00075000 	C:\WINDOWS\System32\WS2_32.dll
0x00007ffdfeaf0000 - 0x00007ffdfeb4d000 	C:\WINDOWS\SYSTEM32\POWRPROF.dll
0x00007ffdf7a30000 - 0x00007ffdf7a66000 	C:\WINDOWS\SYSTEM32\WINMM.dll
0x00007ffdf7a20000 - 0x00007ffdf7a2b000 	C:\WINDOWS\SYSTEM32\VERSION.dll
0x00007ffdfead0000 - 0x00007ffdfeae4000 	C:\WINDOWS\SYSTEM32\UMPDC.dll
0x00007ffdfdae0000 - 0x00007ffdfdafb000 	C:\WINDOWS\SYSTEM32\kernel.appcore.dll
0x00007ffdd0ca0000 - 0x00007ffdd0caa000 	C:\Program Files\JetBrains\IntelliJ IDEA 2024.2.4\jbr\bin\jimage.dll
0x00007ffdf3540000 - 0x00007ffdf3810000 	C:\WINDOWS\SYSTEM32\DBGHELP.DLL
0x00007ffdffad0000 - 0x00007ffdffe55000 	C:\WINDOWS\System32\combase.dll
0x00007ffe000f0000 - 0x00007ffe001d1000 	C:\WINDOWS\System32\OLEAUT32.dll
0x00007ffde3170000 - 0x00007ffde31a9000 	C:\WINDOWS\SYSTEM32\dbgcore.DLL
0x00007ffdff300000 - 0x00007ffdff39e000 	C:\WINDOWS\System32\bcryptPrimitives.dll
0x00007ffdcd100000 - 0x00007ffdcd11f000 	C:\Program Files\JetBrains\IntelliJ IDEA 2024.2.4\jbr\bin\java.dll

dbghelp: loaded successfully - version: 4.0.5 - missing functions: none
symbol engine: initialized successfully - sym options: 0x614 - pdb path: .;C:\Program Files\JetBrains\IntelliJ IDEA 2024.2.4\jbr\bin;C:\WINDOWS\SYSTEM32;C:\WINDOWS\WinSxS\amd64_microsoft.windows.common-controls_6595b64144ccf1df_6.0.27881.1000_none_12eb9eca89b416ef;C:\Program Files\JetBrains\IntelliJ IDEA 2024.2.4\jbr\bin\server

VM Arguments:
java_command: git4idea.http.GitAskPassApp Username for 'https://github.com': 
java_class_path (initial): C:/Program Files/JetBrains/IntelliJ IDEA 2024.2.4/plugins/vcs-git/lib/git4idea-rt.jar;C:/Program Files/JetBrains/IntelliJ IDEA 2024.2.4/lib/externalProcess-rt.jar
Launcher Type: SUN_STANDARD

[Global flags]
     intx CICompilerCount                          = 12                                        {product} {ergonomic}
     uint ConcGCThreads                            = 3                                         {product} {ergonomic}
     uint G1ConcRefinementThreads                  = 13                                        {product} {ergonomic}
   size_t G1HeapRegionSize                         = 2097152                                   {product} {ergonomic}
    uintx GCDrainStackTargetSize                   = 64                                        {product} {ergonomic}
   size_t InitialHeapSize                          = 260046848                                 {product} {ergonomic}
   size_t MarkStackSize                            = 4194304                                   {product} {ergonomic}
   size_t MaxHeapSize                              = 4131389440                                {product} {ergonomic}
   size_t MinHeapDeltaBytes                        = 2097152                                   {product} {ergonomic}
   size_t MinHeapSize                              = 8388608                                   {product} {ergonomic}
    uintx NonNMethodCodeHeapSize                   = 7602480                                {pd product} {ergonomic}
    uintx NonProfiledCodeHeapSize                  = 122027880                              {pd product} {ergonomic}
    uintx ProfiledCodeHeapSize                     = 122027880                              {pd product} {ergonomic}
    uintx ReservedCodeCacheSize                    = 251658240                              {pd product} {ergonomic}
     bool SegmentedCodeCache                       = true                                      {product} {ergonomic}
   size_t SoftMaxHeapSize                          = 4131389440                             {manageable} {ergonomic}
     bool UseCompressedOops                        = true                           {product lp64_product} {ergonomic}
     bool UseG1GC                                  = true                                      {product} {ergonomic}
     bool UseLargePagesIndividualAllocation        = false                                  {pd product} {ergonomic}

Logging:
Log output configuration:
 #0: stdout all=warning uptime,level,tags foldmultilines=false
 #1: stderr all=off uptime,level,tags foldmultilines=false

Environment Variables:
JAVA_HOME=C:\Program Files\Java\jdk-17
PATH=C:\Program Files\Git\mingw64\libexec\git-core;C:\Program Files\Git\mingw64\libexec\git-core;C:\Program Files\Git\mingw64\bin;C:\Program Files\Git\usr\bin;C:\Users\hathu\bin;C:\Program Files\Java\jdk-17\bin;C:\Program Files (x86)\VMware\VMware Workstation\bin;C:\Program Files\Common Files\Oracle\Java\javapath;C:\Program Files (x86)\Common Files\Oracle\Java\javapath;C:\WINDOWS\system32;C:\WINDOWS;C:\WINDOWS\System32\Wbem;C:\WINDOWS\System32\WindowsPowerShell\v1.0;C:\WINDOWS\System32\OpenSSH;C:\Program Files\Java\jdk-22\bin;C:\Program Files\Git\cmd;C:\Program Files (x86)\Microsoft SQL Server\160\Tools\Binn;C:\Program Files\Microsoft SQL Server\160\Tools\Binn;C:\Program Files\Microsoft SQL Server\Client SDK\ODBC\170\Tools\Binn;C:\Program Files\Microsoft SQL Server\160\DTS\Binn;C:\Program Files (x86)\Microsoft SQL Server\160\DTS\Binn;C:\Program Files\PuTTY;D:\dowload\gradle-8.13-bin\gradle-8.13\bin;C:\Program Files\nodejs;C:\Program Files\nodejs;C:\Users\hathu\AppData\Local\Android\Sdk\platform-tools;C:\Users\hathu\AppData\Local\Microsoft\WindowsApps;C:\Program Files\JetBrains\IntelliJ IDEA 2024.2.4\bin;
USERNAME=hathu
DISPLAY=:0.0
LC_ALL=en_US.UTF-8
TERM=xterm-256color
TMPDIR=C:\Users\hathu\AppData\Local\Temp
OS=Windows_NT
PROCESSOR_IDENTIFIER=AMD64 Family 25 Model 80 Stepping 0, AuthenticAMD
TMP=C:\Users\hathu\AppData\Local\Temp
TEMP=C:\Users\hathu\AppData\Local\Temp




Periodic native trim disabled

JNI global refs:
JNI global refs: 0, weak refs: 0

JNI global refs memory usage: 0, weak refs: 0

Process memory usage:
Resident Set Size: 13012K (0% of 16130860K total physical memory with 1577508K free physical memory)

OOME stack traces (most recent first):
Classloader memory used:

---------------  S Y S T E M  ---------------

OS:
 Windows 11 , 64 bit Build 27881 (10.0.27881.1000)
OS uptime: 0 days 7:15 hours
Hyper-V role detected

CPU: total 16 (initial active 16) (16 cores per cpu, 2 threads per core) family 25 model 80 stepping 0 microcode 0xa50000c, cx8, cmov, fxsr, ht, mmx, 3dnowpref, sse, sse2, sse3, ssse3, sse4a, sse4.1, sse4.2, popcnt, lzcnt, tsc, tscinvbit, avx, avx2, aes, erms, clmul, bmi1, bmi2, adx, sha, fma, vzeroupper, clflush, clflushopt, hv, rdtscp, rdpid, fsrm, f16c, cet_ss
Processor Information for processor 0
  Max Mhz: 3201, Current Mhz: 3201, Mhz Limit: 3201
Processor Information for processor 1
  Max Mhz: 3201, Current Mhz: 2555, Mhz Limit: 3201
Processor Information for processor 2
  Max Mhz: 3201, Current Mhz: 3201, Mhz Limit: 3201
Processor Information for processor 3
  Max Mhz: 3201, Current Mhz: 2555, Mhz Limit: 3201
Processor Information for processor 4
  Max Mhz: 3201, Current Mhz: 3201, Mhz Limit: 3201
Processor Information for processor 5
  Max Mhz: 3201, Current Mhz: 2555, Mhz Limit: 3201
Processor Information for processor 6
  Max Mhz: 3201, Current Mhz: 2555, Mhz Limit: 3201
Processor Information for processor 7
  Max Mhz: 3201, Current Mhz: 3201, Mhz Limit: 3201
Processor Information for processor 8
  Max Mhz: 3201, Current Mhz: 2555, Mhz Limit: 3201
Processor Information for processor 9
  Max Mhz: 3201, Current Mhz: 2555, Mhz Limit: 3201
Processor Information for processor 10
  Max Mhz: 3201, Current Mhz: 2555, Mhz Limit: 3201
Processor Information for processor 11
  Max Mhz: 3201, Current Mhz: 3201, Mhz Limit: 3201
Processor Information for processor 12
  Max Mhz: 3201, Current Mhz: 3201, Mhz Limit: 3201
Processor Information for processor 13
  Max Mhz: 3201, Current Mhz: 2555, Mhz Limit: 3201
Processor Information for processor 14
  Max Mhz: 3201, Current Mhz: 3201, Mhz Limit: 3201
Processor Information for processor 15
  Max Mhz: 3201, Current Mhz: 2555, Mhz Limit: 3201

Memory: 4k page, system-wide physical 15752M (1540M free)
TotalPageFile size 36673M (AvailPageFile size 80M)
current process WorkingSet (physical memory assigned to process): 12M, peak: 12M
current process commit charge ("private bytes"): 70M, peak: 318M

vm_info: OpenJDK 64-Bit Server VM (21.0.4+13-b509.26) for windows-amd64 JRE (21.0.4+13-b509.26), built on 2024-09-27 by "builduser" with MS VC++ 16.10 / 16.11 (VS2019)

END.
